// Jest Snapshot v1, https://goo.gl/fbAQLP

exports[`PersonalDetailForm container should render without crashing 1`] = `
Object {
  "asFragment": [Function],
  "baseElement": <body>
    <div
      id="chakra-toast-portal"
    >
      <ul
        id="chakra-toast-manager-top"
        style="position: fixed; z-index: 5500; pointer-events: none; display: flex; flex-direction: column; margin: 0px auto; top: 0px; right: 0px; left: 0px;"
      />
      <ul
        id="chakra-toast-manager-top-left"
        style="position: fixed; z-index: 5500; pointer-events: none; display: flex; flex-direction: column; top: 0px; left: 0px;"
      />
      <ul
        id="chakra-toast-manager-top-right"
        style="position: fixed; z-index: 5500; pointer-events: none; display: flex; flex-direction: column; top: 0px; right: 0px;"
      />
      <ul
        id="chakra-toast-manager-bottom-left"
        style="position: fixed; z-index: 5500; pointer-events: none; display: flex; flex-direction: column; bottom: 0px; left: 0px;"
      />
      <ul
        id="chakra-toast-manager-bottom"
        style="position: fixed; z-index: 5500; pointer-events: none; display: flex; flex-direction: column; margin: 0px auto; bottom: 0px; right: 0px; left: 0px;"
      />
      <ul
        id="chakra-toast-manager-bottom-right"
        style="position: fixed; z-index: 5500; pointer-events: none; display: flex; flex-direction: column; bottom: 0px; right: 0px;"
      />
    </div>
    <div>
      <h2
        class="chakra-heading css-1r2fo6r"
      >
        Personal detail
      </h2>
      <form
        action="#"
      >
        <div
          class="chakra-form-control css-1lxvb1z"
          role="group"
        >
          <label
            class="chakra-form__label css-5nk1it"
            for="first-name"
            id="field-9-label"
          >
            First name
            <span
              aria-hidden="true"
              class="chakra-form__required-indicator css-1u8qly9"
              role="presentation"
            >
              *
            </span>
          </label>
          <input
            aria-describedby="field-9-feedback"
            aria-required="true"
            class="chakra-input css-1u8qly9"
            id="first-name"
            name="firstName"
            placeholder="First name"
            required=""
            value=""
          />
        </div>
        <div
          class="chakra-form-control css-1lxvb1z"
          role="group"
        >
          <label
            class="chakra-form__label css-5nk1it"
            for="last-name"
            id="field-10-label"
          >
            Last name
            <span
              aria-hidden="true"
              class="chakra-form__required-indicator css-1u8qly9"
              role="presentation"
            >
              *
            </span>
          </label>
          <input
            aria-describedby="field-10-feedback"
            aria-required="true"
            class="chakra-input css-1u8qly9"
            id="last-name"
            name="lastName"
            placeholder="Last name"
            required=""
            value=""
          />
        </div>
        <div
          class="chakra-form-control css-1lxvb1z"
          role="group"
        >
          <label
            class="chakra-form__label css-5nk1it"
            for="email"
            id="field-11-label"
          >
            Email
            <span
              aria-hidden="true"
              class="chakra-form__required-indicator css-1u8qly9"
              role="presentation"
            >
              *
            </span>
          </label>
          <input
            aria-describedby="field-11-feedback"
            aria-required="true"
            class="chakra-input css-1u8qly9"
            id="email"
            name="email"
            placeholder="Email address"
            required=""
            value=""
          />
        </div>
        <div
          class="chakra-form-control css-i55s4y"
          role="group"
        >
          <label
            class="chakra-form__label css-5nk1it"
            for="field-12"
            id="field-12-label"
          >
            Date of birth
            <span
              aria-hidden="true"
              class="chakra-form__required-indicator css-1u8qly9"
              role="presentation"
            >
              *
            </span>
          </label>
          <div
            class="react-datepicker-wrapper datepicker-container"
          >
            <div
              class="react-datepicker__input-container"
            >
              <input
                aria-describedby="field-12-feedback"
                aria-required="true"
                class="chakra-input css-1u8qly9"
                id="field-12"
                name="dob"
                placeholder="Date of birth"
                readonly=""
                required=""
                value=""
              />
            </div>
          </div>
        </div>
        <button
          class="chakra-button css-1yyty7m"
          type="submit"
        >
          Next
        </button>
      </form>
    </div>
  </body>,
  "container": <div>
    <h2
      class="chakra-heading css-1r2fo6r"
    >
      Personal detail
    </h2>
    <form
      action="#"
    >
      <div
        class="chakra-form-control css-1lxvb1z"
        role="group"
      >
        <label
          class="chakra-form__label css-5nk1it"
          for="first-name"
          id="field-9-label"
        >
          First name
          <span
            aria-hidden="true"
            class="chakra-form__required-indicator css-1u8qly9"
            role="presentation"
          >
            *
          </span>
        </label>
        <input
          aria-describedby="field-9-feedback"
          aria-required="true"
          class="chakra-input css-1u8qly9"
          id="first-name"
          name="firstName"
          placeholder="First name"
          required=""
          value=""
        />
      </div>
      <div
        class="chakra-form-control css-1lxvb1z"
        role="group"
      >
        <label
          class="chakra-form__label css-5nk1it"
          for="last-name"
          id="field-10-label"
        >
          Last name
          <span
            aria-hidden="true"
            class="chakra-form__required-indicator css-1u8qly9"
            role="presentation"
          >
            *
          </span>
        </label>
        <input
          aria-describedby="field-10-feedback"
          aria-required="true"
          class="chakra-input css-1u8qly9"
          id="last-name"
          name="lastName"
          placeholder="Last name"
          required=""
          value=""
        />
      </div>
      <div
        class="chakra-form-control css-1lxvb1z"
        role="group"
      >
        <label
          class="chakra-form__label css-5nk1it"
          for="email"
          id="field-11-label"
        >
          Email
          <span
            aria-hidden="true"
            class="chakra-form__required-indicator css-1u8qly9"
            role="presentation"
          >
            *
          </span>
        </label>
        <input
          aria-describedby="field-11-feedback"
          aria-required="true"
          class="chakra-input css-1u8qly9"
          id="email"
          name="email"
          placeholder="Email address"
          required=""
          value=""
        />
      </div>
      <div
        class="chakra-form-control css-i55s4y"
        role="group"
      >
        <label
          class="chakra-form__label css-5nk1it"
          for="field-12"
          id="field-12-label"
        >
          Date of birth
          <span
            aria-hidden="true"
            class="chakra-form__required-indicator css-1u8qly9"
            role="presentation"
          >
            *
          </span>
        </label>
        <div
          class="react-datepicker-wrapper datepicker-container"
        >
          <div
            class="react-datepicker__input-container"
          >
            <input
              aria-describedby="field-12-feedback"
              aria-required="true"
              class="chakra-input css-1u8qly9"
              id="field-12"
              name="dob"
              placeholder="Date of birth"
              readonly=""
              required=""
              value=""
            />
          </div>
        </div>
      </div>
      <button
        class="chakra-button css-1yyty7m"
        type="submit"
      >
        Next
      </button>
    </form>
  </div>,
  "debug": [Function],
  "findAllByAltText": [Function],
  "findAllByDisplayValue": [Function],
  "findAllByLabelText": [Function],
  "findAllByPlaceholderText": [Function],
  "findAllByRole": [Function],
  "findAllByTestId": [Function],
  "findAllByText": [Function],
  "findAllByTitle": [Function],
  "findByAltText": [Function],
  "findByDisplayValue": [Function],
  "findByLabelText": [Function],
  "findByPlaceholderText": [Function],
  "findByRole": [Function],
  "findByTestId": [Function],
  "findByText": [Function],
  "findByTitle": [Function],
  "getAllByAltText": [Function],
  "getAllByDisplayValue": [Function],
  "getAllByLabelText": [Function],
  "getAllByPlaceholderText": [Function],
  "getAllByRole": [Function],
  "getAllByTestId": [Function],
  "getAllByText": [Function],
  "getAllByTitle": [Function],
  "getByAltText": [Function],
  "getByDisplayValue": [Function],
  "getByLabelText": [Function],
  "getByPlaceholderText": [Function],
  "getByRole": [Function],
  "getByTestId": [Function],
  "getByText": [Function],
  "getByTitle": [Function],
  "queryAllByAltText": [Function],
  "queryAllByDisplayValue": [Function],
  "queryAllByLabelText": [Function],
  "queryAllByPlaceholderText": [Function],
  "queryAllByRole": [Function],
  "queryAllByTestId": [Function],
  "queryAllByText": [Function],
  "queryAllByTitle": [Function],
  "queryByAltText": [Function],
  "queryByDisplayValue": [Function],
  "queryByLabelText": [Function],
  "queryByPlaceholderText": [Function],
  "queryByRole": [Function],
  "queryByTestId": [Function],
  "queryByText": [Function],
  "queryByTitle": [Function],
  "rerender": [Function],
  "unmount": [Function],
}
`;
